// Jest Snapshot v1, https://goo.gl/fbAQLP

exports[`render dashboard component 1`] = `
<div>
  <h3>
    This is my expense Dashboard component!
  </h3>
  <h3>
    Viewing 
    3
     expenses totalling
    114195
  </h3>
  <Connect(ExpenseListFilters) />
  <Connect(ExpenseList) />
</div>
`;
