// Jest Snapshot v1, https://goo.gl/fbAQLP

exports[`render not found page 1`] = `
<div>
  <h3>
    404!
  </h3>
  <Link
    replace={false}
    to="/"
  >
    go Home!
  </Link>
</div>
`;
